SPIM Version 6.5 of January 4, 2003
Copyright 1990-2003 by James R. Larus (larus@cs.wisc.edu).
All Rights Reserved.
See the file README for a full copyright notice.
Loaded: /usr/class/cs143/cool/lib/trap.handler
46COOL program successfully executed
Stats -- #instructions : 1480
         #reads : 333  #writes 209  #branches 322  #other 616
