SPIM Version 6.5 of January 4, 2003
Copyright 1990-2003 by James R. Larus (larus@cs.wisc.edu).
All Rights Reserved.
See the file README for a full copyright notice.
Loaded: /usr/class/cs143/cool/lib/trap.handler
10COOL program successfully executed
Stats -- #instructions : 295
         #reads : 62  #writes 49  #branches 56  #other 128
