SPIM Version 6.5 of January 4, 2003
Copyright 1990-2003 by James R. Larus (larus@cs.wisc.edu).
All Rights Reserved.
See the file README for a full copyright notice.
Loaded: /usr/class/cs143/cool/lib/trap.handler
self != obj
1 != 0
true != false
"abc" != "bbc"
COOL program successfully executed
Stats -- #instructions : 324
         #reads : 67  #writes 29  #branches 76  #other 152
