SPIM Version 6.5 of January 4, 2003
Copyright 1990-2003 by James R. Larus (larus@cs.wisc.edu).
All Rights Reserved.
See the file README for a full copyright notice.
Loaded: /usr/class/cs143/cool/lib/trap.handler
checkvoid_static.cl:1: Dispatch to void.
Stats -- #instructions : 138
         #reads : 20  #writes 19  #branches 25  #other 74
