SPIM Version 6.5 of January 4, 2003
Copyright 1990-2003 by James R. Larus (larus@cs.wisc.edu).
All Rights Reserved.
See the file README for a full copyright notice.
Loaded: /usr/class/cs143/cool/lib/trap.handler
90COOL program successfully executed
Stats -- #instructions : 261
         #reads : 53  #writes 40  #branches 51  #other 117
