SPIM Version 6.5 of January 4, 2003
Copyright 1990-2003 by James R. Larus (larus@cs.wisc.edu).
All Rights Reserved.
See the file README for a full copyright notice.
Loaded: /usr/class/cs143/cool/lib/trap.handler
new A
A.f: x = 0
new B
B.f: y = 0
initializing B.y. here x = 12
COOL program successfully executed
Stats -- #instructions : 590
         #reads : 127  #writes 91  #branches 109  #other 263
