SPIM Version 6.5 of January 4, 2003
Copyright 1990-2003 by James R. Larus (larus@cs.wisc.edu).
All Rights Reserved.
See the file README for a full copyright notice.
Loaded: /usr/class/cs143/cool/lib/trap.handler
5 4 3 2 1 
4 3 2 1 
3 2 1 
2 1 
1 
COOL program successfully executed
Stats -- #instructions : 3064
         #reads : 897  #writes 512  #branches 568  #other 1087
